// Jest Snapshot v1, https://goo.gl/fbAQLP

exports[`ChannelInfo renders correctly 1`] = `
<DocumentFragment>
  <div
    class="flex items-center my-4 mb-6"
  >
    <img
      alt="channel"
      class="rounded-full w-10 h-10"
      src="url"
    />
    <p
      class="ml-2 font-medium text-lg"
    >
      channel
    </p>
  </div>
</DocumentFragment>
`;
